interactions:
- request:
    body: null
    headers:
      Accept:
      - application/json
      Accept-Encoding:
      - gzip, deflate
      Connection:
      - keep-alive
      User-Agent:
      - python-requests/2.26.0
    method: GET
    uri: http://localhost:19120/api/v1/trees/tree
  response:
    body:
      string: '{"hash": "2e1cfa82b035c26cbbbdae632cea070514eb8b773f616aaeaf668e2f0be8f10d",
        "name": "main", "type": "BRANCH"}'
    headers:
      Content-Type:
      - application/json
      content-length:
      - '110'
    status:
      code: 200
      message: OK
- request:
    body: null
    headers:
      Accept:
      - application/json
      Accept-Encoding:
      - gzip, deflate
      Connection:
      - keep-alive
      User-Agent:
      - python-requests/2.26.0
    method: GET
    uri: http://localhost:19120/api/v1/trees/tree/main
  response:
    body:
      string: '{"hash": "2e1cfa82b035c26cbbbdae632cea070514eb8b773f616aaeaf668e2f0be8f10d",
        "name": "main", "type": "BRANCH"}'
    headers:
      Content-Type:
      - application/json
      content-length:
      - '110'
    status:
      code: 200
      message: OK
- request:
    body: '{"hash": "2e1cfa82b035c26cbbbdae632cea070514eb8b773f616aaeaf668e2f0be8f10d",
      "metadata": null, "name": "contents_commit_delete_dev", "type": "BRANCH"}'
    headers:
      Accept:
      - '*/*'
      Accept-Encoding:
      - gzip, deflate
      Connection:
      - keep-alive
      Content-Length:
      - '150'
      Content-Type:
      - application/json
      User-Agent:
      - python-requests/2.26.0
    method: POST
    uri: http://localhost:19120/api/v1/trees/tree?sourceRefName=main
  response:
    body:
      string: '{"hash": "2e1cfa82b035c26cbbbdae632cea070514eb8b773f616aaeaf668e2f0be8f10d",
        "name": "contents_commit_delete_dev", "type": "BRANCH"}'
    headers:
      Content-Type:
      - application/json
      content-length:
      - '132'
    status:
      code: 200
      message: OK
- request:
    body: null
    headers:
      Accept:
      - application/json
      Accept-Encoding:
      - gzip, deflate
      Connection:
      - keep-alive
      User-Agent:
      - python-requests/2.26.0
    method: GET
    uri: http://localhost:19120/api/v1/trees
  response:
    body:
      string: '{"hasMore": false, "references": [{"hash": "2e1cfa82b035c26cbbbdae632cea070514eb8b773f616aaeaf668e2f0be8f10d",
        "name": "main", "type": "BRANCH"}, {"hash": "2e1cfa82b035c26cbbbdae632cea070514eb8b773f616aaeaf668e2f0be8f10d",
        "name": "contents_commit_delete_dev", "type": "BRANCH"}], "token": null}'
    headers:
      Content-Type:
      - application/json
      content-length:
      - '295'
    status:
      code: 200
      message: OK
- request:
    body: null
    headers:
      Accept:
      - application/json
      Accept-Encoding:
      - gzip, deflate
      Connection:
      - keep-alive
      User-Agent:
      - python-requests/2.26.0
    method: GET
    uri: http://localhost:19120/api/v1/contents/this.is.iceberg.foo?ref=contents_commit_delete_dev
  response:
    body:
      string: '{"errorCode": "CONTENT_NOT_FOUND", "message": "Could not find content
        for key ''this.is.iceberg.foo'' in reference ''contents_commit_delete_dev''.",
        "reason": "Not Found", "serverStackTrace": null, "status": 404}'
    headers:
      Content-Type:
      - application/json
      content-length:
      - '208'
    status:
      code: 404
      message: Not Found
- request:
    body: '{"commitMeta": {"author": "nessie test", "authorTime": null, "commitTime":
      null, "committer": null, "hash": null, "message": "test message", "properties":
      null, "signedOffBy": null}, "operations": [{"content": {"id": "test_contents_delete",
      "metadataLocation": "/a/b/c", "schemaId": 42, "snapshotId": 42, "sortOrderId":
      42, "specId": 42, "type": "ICEBERG_TABLE"}, "expectedContent": null, "key":
      {"elements": ["this", "is", "iceberg", "foo"]}, "type": "PUT"}]}'
    headers:
      Accept:
      - '*/*'
      Accept-Encoding:
      - gzip, deflate
      Connection:
      - keep-alive
      Content-Length:
      - '460'
      Content-Type:
      - application/json
      User-Agent:
      - python-requests/2.26.0
    method: POST
    uri: http://localhost:19120/api/v1/trees/branch/contents_commit_delete_dev/commit?expectedHash=2e1cfa82b035c26cbbbdae632cea070514eb8b773f616aaeaf668e2f0be8f10d
  response:
    body:
      string: '{"hash": "0055cb563a616edecb9d312bc7d25dd9c60cda9ddc61d64cb12cbcbed7956a95",
        "name": "contents_commit_delete_dev", "type": "BRANCH"}'
    headers:
      Content-Type:
      - application/json
      content-length:
      - '132'
    status:
      code: 200
      message: OK
- request:
    body: null
    headers:
      Accept:
      - application/json
      Accept-Encoding:
      - gzip, deflate
      Connection:
      - keep-alive
      User-Agent:
      - python-requests/2.26.0
    method: GET
    uri: http://localhost:19120/api/v1/trees/tree/contents_commit_delete_dev/entries?filter=entry.contentType+in+%5B%27ICEBERG_TABLE%27%5D
  response:
    body:
      string: '{"entries": [{"name": {"elements": ["this", "is", "iceberg", "foo"]},
        "type": "ICEBERG_TABLE"}], "hasMore": false, "token": null}'
    headers:
      Content-Type:
      - application/json
      content-length:
      - '129'
    status:
      code: 200
      message: OK
- request:
    body: null
    headers:
      Accept:
      - application/json
      Accept-Encoding:
      - gzip, deflate
      Connection:
      - keep-alive
      User-Agent:
      - python-requests/2.26.0
    method: GET
    uri: http://localhost:19120/api/v1/trees
  response:
    body:
      string: '{"hasMore": false, "references": [{"hash": "2e1cfa82b035c26cbbbdae632cea070514eb8b773f616aaeaf668e2f0be8f10d",
        "name": "main", "type": "BRANCH"}, {"hash": "0055cb563a616edecb9d312bc7d25dd9c60cda9ddc61d64cb12cbcbed7956a95",
        "name": "contents_commit_delete_dev", "type": "BRANCH"}], "token": null}'
    headers:
      Content-Type:
      - application/json
      content-length:
      - '295'
    status:
      code: 200
      message: OK
- request:
    body: '{"commitMeta": {"author": null, "authorTime": null, "commitTime": null,
      "committer": null, "hash": null, "message": "delete test table", "properties":
      null, "signedOffBy": null}, "operations": [{"key": {"elements": ["this", "is",
      "iceberg", "foo"]}, "type": "DELETE"}]}'
    headers:
      Accept:
      - '*/*'
      Accept-Encoding:
      - gzip, deflate
      Connection:
      - keep-alive
      Content-Length:
      - '269'
      Content-Type:
      - application/json
      User-Agent:
      - python-requests/2.26.0
    method: POST
    uri: http://localhost:19120/api/v1/trees/branch/contents_commit_delete_dev/commit?expectedHash=0055cb563a616edecb9d312bc7d25dd9c60cda9ddc61d64cb12cbcbed7956a95
  response:
    body:
      string: '{"hash": "854d46b9de6d80eff8892d5cd835fa0675ed75cd5c2b282e62034fe8d36d5e15",
        "name": "contents_commit_delete_dev", "type": "BRANCH"}'
    headers:
      Content-Type:
      - application/json
      content-length:
      - '132'
    status:
      code: 200
      message: OK
- request:
    body: null
    headers:
      Accept:
      - application/json
      Accept-Encoding:
      - gzip, deflate
      Connection:
      - keep-alive
      User-Agent:
      - python-requests/2.26.0
    method: GET
    uri: http://localhost:19120/api/v1/trees/tree/contents_commit_delete_dev/entries?filter=entry.contentType+in+%5B%27ICEBERG_TABLE%27%5D
  response:
    body:
      string: '{"entries": [], "hasMore": false, "token": null}'
    headers:
      Content-Type:
      - application/json
      content-length:
      - '48'
    status:
      code: 200
      message: OK
version: 1
