interactions:
- request:
    body: null
    headers:
      Accept:
      - application/json
      Accept-Encoding:
      - gzip, deflate
      Connection:
      - keep-alive
      User-Agent:
      - python-requests/2.28.1
    method: GET
    uri: http://localhost:19120/api/v1/trees/tree
  response:
    body:
      string: '{"hash": "2e1cfa82b035c26cbbbdae632cea070514eb8b773f616aaeaf668e2f0be8f10d",
        "name": "main", "type": "BRANCH"}'
    headers:
      Content-Type:
      - application/json
      content-length:
      - '110'
    status:
      code: 200
      message: OK
- request:
    body: null
    headers:
      Accept:
      - application/json
      Accept-Encoding:
      - gzip, deflate
      Connection:
      - keep-alive
      User-Agent:
      - python-requests/2.28.1
    method: GET
    uri: http://localhost:19120/api/v1/trees/tree/main
  response:
    body:
      string: '{"hash": "2e1cfa82b035c26cbbbdae632cea070514eb8b773f616aaeaf668e2f0be8f10d",
        "name": "main", "type": "BRANCH"}'
    headers:
      Content-Type:
      - application/json
      content-length:
      - '110'
    status:
      code: 200
      message: OK
- request:
    body: '{"hash": "2e1cfa82b035c26cbbbdae632cea070514eb8b773f616aaeaf668e2f0be8f10d",
      "metadata": null, "name": "dev", "type": "BRANCH"}'
    headers:
      Accept:
      - '*/*'
      Accept-Encoding:
      - gzip, deflate
      Connection:
      - keep-alive
      Content-Length:
      - '127'
      Content-Type:
      - application/json
      User-Agent:
      - python-requests/2.28.1
    method: POST
    uri: http://localhost:19120/api/v1/trees/tree?sourceRefName=main
  response:
    body:
      string: '{"hash": "2e1cfa82b035c26cbbbdae632cea070514eb8b773f616aaeaf668e2f0be8f10d",
        "name": "dev", "type": "BRANCH"}'
    headers:
      Content-Type:
      - application/json
      content-length:
      - '109'
    status:
      code: 200
      message: OK
- request:
    body: null
    headers:
      Accept:
      - application/json
      Accept-Encoding:
      - gzip, deflate
      Connection:
      - keep-alive
      User-Agent:
      - python-requests/2.28.1
    method: GET
    uri: http://localhost:19120/api/v1/trees
  response:
    body:
      string: '{"hasMore": false, "references": [{"hash": "2e1cfa82b035c26cbbbdae632cea070514eb8b773f616aaeaf668e2f0be8f10d",
        "name": "main", "type": "BRANCH"}, {"hash": "2e1cfa82b035c26cbbbdae632cea070514eb8b773f616aaeaf668e2f0be8f10d",
        "name": "dev", "type": "BRANCH"}], "token": null}'
    headers:
      Content-Type:
      - application/json
      content-length:
      - '272'
    status:
      code: 200
      message: OK
- request:
    body: null
    headers:
      Accept:
      - application/json
      Accept-Encoding:
      - gzip, deflate
      Connection:
      - keep-alive
      User-Agent:
      - python-requests/2.28.1
    method: GET
    uri: http://localhost:19120/api/v1/contents/merge.foo.bar?ref=dev
  response:
    body:
      string: '{"errorCode": "CONTENT_NOT_FOUND", "message": "Could not find content
        for key ''merge.foo.bar'' in reference ''dev''.", "reason": "Not Found", "serverStackTrace":
        null, "status": 404}'
    headers:
      Content-Type:
      - application/json
      content-length:
      - '179'
    status:
      code: 404
      message: Not Found
- request:
    body: '{"commitMeta": {"author": "nessie test", "authorTime": null, "commitTime":
      null, "committer": null, "hash": null, "message": "test message", "properties":
      null, "signedOffBy": null}, "operations": [{"content": {"id": "test_merge",
      "metadataLocation": "/a/b/c", "schemaId": 43, "snapshotId": 42, "sortOrderId":
      45, "specId": 44, "type": "ICEBERG_TABLE"}, "expectedContent": null, "key":
      {"elements": ["merge", "foo", "bar"]}, "type": "PUT"}]}'
    headers:
      Accept:
      - '*/*'
      Accept-Encoding:
      - gzip, deflate
      Connection:
      - keep-alive
      Content-Length:
      - '441'
      Content-Type:
      - application/json
      User-Agent:
      - python-requests/2.28.1
    method: POST
    uri: http://localhost:19120/api/v1/trees/branch/dev/commit?expectedHash=2e1cfa82b035c26cbbbdae632cea070514eb8b773f616aaeaf668e2f0be8f10d
  response:
    body:
      string: '{"hash": "1bd0089b4132434732aa162a9a5e61d28a395e8642ba1084cee9624b2cc68ab8",
        "name": "dev", "type": "BRANCH"}'
    headers:
      Content-Type:
      - application/json
      content-length:
      - '109'
    status:
      code: 200
      message: OK
- request:
    body: null
    headers:
      Accept:
      - application/json
      Accept-Encoding:
      - gzip, deflate
      Connection:
      - keep-alive
      User-Agent:
      - python-requests/2.28.1
    method: GET
    uri: http://localhost:19120/api/v1/trees
  response:
    body:
      string: '{"hasMore": false, "references": [{"hash": "2e1cfa82b035c26cbbbdae632cea070514eb8b773f616aaeaf668e2f0be8f10d",
        "name": "main", "type": "BRANCH"}, {"hash": "1bd0089b4132434732aa162a9a5e61d28a395e8642ba1084cee9624b2cc68ab8",
        "name": "dev", "type": "BRANCH"}], "token": null}'
    headers:
      Content-Type:
      - application/json
      content-length:
      - '272'
    status:
      code: 200
      message: OK
- request:
    body: null
    headers:
      Accept:
      - application/json
      Accept-Encoding:
      - gzip, deflate
      Connection:
      - keep-alive
      User-Agent:
      - python-requests/2.28.1
    method: GET
    uri: http://localhost:19120/api/v1/trees
  response:
    body:
      string: '{"hasMore": false, "references": [{"hash": "2e1cfa82b035c26cbbbdae632cea070514eb8b773f616aaeaf668e2f0be8f10d",
        "name": "main", "type": "BRANCH"}, {"hash": "1bd0089b4132434732aa162a9a5e61d28a395e8642ba1084cee9624b2cc68ab8",
        "name": "dev", "type": "BRANCH"}], "token": null}'
    headers:
      Content-Type:
      - application/json
      content-length:
      - '272'
    status:
      code: 200
      message: OK
- request:
    body: null
    headers:
      Accept:
      - application/json
      Accept-Encoding:
      - gzip, deflate
      Connection:
      - keep-alive
      User-Agent:
      - python-requests/2.28.1
    method: GET
    uri: http://localhost:19120/api/v1/trees/tree
  response:
    body:
      string: '{"hash": "2e1cfa82b035c26cbbbdae632cea070514eb8b773f616aaeaf668e2f0be8f10d",
        "name": "main", "type": "BRANCH"}'
    headers:
      Content-Type:
      - application/json
      content-length:
      - '110'
    status:
      code: 200
      message: OK
- request:
    body: null
    headers:
      Accept:
      - application/json
      Accept-Encoding:
      - gzip, deflate
      Connection:
      - keep-alive
      User-Agent:
      - python-requests/2.28.1
    method: GET
    uri: http://localhost:19120/api/v1/trees/tree
  response:
    body:
      string: '{"hash": "2e1cfa82b035c26cbbbdae632cea070514eb8b773f616aaeaf668e2f0be8f10d",
        "name": "main", "type": "BRANCH"}'
    headers:
      Content-Type:
      - application/json
      content-length:
      - '110'
    status:
      code: 200
      message: OK
- request:
    body: null
    headers:
      Accept:
      - application/json
      Accept-Encoding:
      - gzip, deflate
      Connection:
      - keep-alive
      User-Agent:
      - python-requests/2.28.1
    method: GET
    uri: http://localhost:19120/api/v1/trees/tree/dev
  response:
    body:
      string: '{"hash": "1bd0089b4132434732aa162a9a5e61d28a395e8642ba1084cee9624b2cc68ab8",
        "name": "dev", "type": "BRANCH"}'
    headers:
      Content-Type:
      - application/json
      content-length:
      - '109'
    status:
      code: 200
      message: OK
- request:
    body: '{"fromHash": "1bd0089b4132434732aa162a9a5e61d28a395e8642ba1084cee9624b2cc68ab8",
      "fromRefName": "dev"}'
    headers:
      Accept:
      - '*/*'
      Accept-Encoding:
      - gzip, deflate
      Connection:
      - keep-alive
      Content-Length:
      - '102'
      Content-Type:
      - application/json
      User-Agent:
      - python-requests/2.28.1
    method: POST
    uri: http://localhost:19120/api/v1/trees/branch/main/merge?expectedHash=2e1cfa82b035c26cbbbdae632cea070514eb8b773f616aaeaf668e2f0be8f10d
  response:
    body:
      string: '{"commonAncestor": "2e1cfa82b035c26cbbbdae632cea070514eb8b773f616aaeaf668e2f0be8f10d",
        "details": [{"conflictType": "NONE", "key": {"elements": ["merge", "foo",
        "bar"]}, "mergeBehavior": "NORMAL", "sourceCommits": ["1bd0089b4132434732aa162a9a5e61d28a395e8642ba1084cee9624b2cc68ab8"],
        "targetCommits": []}], "effectiveTargetHash": "2e1cfa82b035c26cbbbdae632cea070514eb8b773f616aaeaf668e2f0be8f10d",
        "expectedHash": "2e1cfa82b035c26cbbbdae632cea070514eb8b773f616aaeaf668e2f0be8f10d",
        "resultantTargetHash": "1789faad5a7e1795140e8e24c10fc694d4455f7ab8c15d53f700271f90b2b2c2",
        "sourceCommits": [{"commitMeta": {"author": "nessie test", "authorTime": "2022-08-28T16:31:24.843075Z",
        "commitTime": "2022-08-28T16:31:24.843075Z", "committer": "", "hash": "1bd0089b4132434732aa162a9a5e61d28a395e8642ba1084cee9624b2cc68ab8",
        "message": "test message", "properties": {}, "signedOffBy": null}, "operations":
        null, "parentCommitHash": "2e1cfa82b035c26cbbbdae632cea070514eb8b773f616aaeaf668e2f0be8f10d"}],
        "targetBranch": "main", "targetCommits": null, "wasApplied": true, "wasSuccessful":
        true}'
    headers:
      Content-Type:
      - application/json
      content-length:
      - '1081'
    status:
      code: 200
      message: OK
- request:
    body: null
    headers:
      Accept:
      - application/json
      Accept-Encoding:
      - gzip, deflate
      Connection:
      - keep-alive
      User-Agent:
      - python-requests/2.28.1
    method: GET
    uri: http://localhost:19120/api/v1/trees/tree
  response:
    body:
      string: '{"hash": "1789faad5a7e1795140e8e24c10fc694d4455f7ab8c15d53f700271f90b2b2c2",
        "name": "main", "type": "BRANCH"}'
    headers:
      Content-Type:
      - application/json
      content-length:
      - '110'
    status:
      code: 200
      message: OK
- request:
    body: null
    headers:
      Accept:
      - application/json
      Accept-Encoding:
      - gzip, deflate
      Connection:
      - keep-alive
      User-Agent:
      - python-requests/2.28.1
    method: GET
    uri: http://localhost:19120/api/v1/trees/tree/main/log
  response:
    body:
      string: '{"hasMore": false, "logEntries": [{"commitMeta": {"author": "nessie
        test", "authorTime": "2022-08-28T16:31:24.843075Z", "commitTime": "2022-08-28T16:31:24.912109Z",
        "committer": "", "hash": "1789faad5a7e1795140e8e24c10fc694d4455f7ab8c15d53f700271f90b2b2c2",
        "message": "test message", "properties": {"_merge_parent": "1bd0089b4132434732aa162a9a5e61d28a395e8642ba1084cee9624b2cc68ab8"},
        "signedOffBy": null}, "operations": null, "parentCommitHash": "2e1cfa82b035c26cbbbdae632cea070514eb8b773f616aaeaf668e2f0be8f10d"}],
        "token": null}'
    headers:
      Content-Type:
      - application/json
      content-length:
      - '532'
    status:
      code: 200
      message: OK
- request:
    body: null
    headers:
      Accept:
      - application/json
      Accept-Encoding:
      - gzip, deflate
      Connection:
      - keep-alive
      User-Agent:
      - python-requests/2.28.1
    method: GET
    uri: http://localhost:19120/api/v1/trees/tree/dev/log
  response:
    body:
      string: '{"hasMore": false, "logEntries": [{"commitMeta": {"author": "nessie
        test", "authorTime": "2022-08-28T16:31:24.843075Z", "commitTime": "2022-08-28T16:31:24.843075Z",
        "committer": "", "hash": "1bd0089b4132434732aa162a9a5e61d28a395e8642ba1084cee9624b2cc68ab8",
        "message": "test message", "properties": {}, "signedOffBy": null}, "operations":
        null, "parentCommitHash": "2e1cfa82b035c26cbbbdae632cea070514eb8b773f616aaeaf668e2f0be8f10d"}],
        "token": null}'
    headers:
      Content-Type:
      - application/json
      content-length:
      - '449'
    status:
      code: 200
      message: OK
version: 1
